# The following whitelist enables routes to Endor
# NOTE: We use `path` to match, so an exact match (case-insensitive) is needed

# health check
/_status

#--------------------------------- home page ----------------------------------#
# hold on root until ready
#/

#--------------------------- deployed static pages ----------------------------#
/business
/contact
/egypt
/employers
/faq
/feedback
/feedback/faq
/feedback/signup
/for-credit-tech-requirements
#/georgiatech
#/georgia-tech
/georgia-tech/faq
/georgiatech/faq
#/google
/hire-our-students
/india
/intersect
/jobs
/legal
/legal/tos
/legal/employers
/legal/nanodegreeplus
/legal/privacy
/nanodegree
/nanodegree/plus
/nanodegreeplus
/organizations
/podcasts/linear-digressions
/press
/tech-requirements
/the-udacity-experience
/us
/veterans

#------------------------------- SEO redirects --------------------------------#
/android
/android-nanodegree
/androidnd
/googlewebdev

#---------------------------------- catalog -----------------------------------#
/courses/all
/courses/android
/courses/data-science
/courses/georgia-tech-masters-in-cs
/courses/ios
/courses/non-tech
/courses/software-engineering
/courses/web-development

#---------------------------------- courses -----------------------------------#
/course/bio110
/courses/bio110
/course/tales-from-the-genome--bio110

/course/cs046
/courses/cs046
/course/intro-to-java-programming--cs046

/course/cs101
/courses/cs101
/course/intro-to-computer-science--cs101

/course/cs212
/courses/cs212
/course/design-of-computer-programs--cs212

/course/cs215
/courses/cs215
/course/intro-to-algorithms--cs215

/course/cs222
/courses/cs222
/course/differential-equations-in-action--cs222

/course/cs253
/courses/cs253
/course/web-development--cs253

/course/cs255
/courses/cs255
/course/html5-game-development--cs255

/course/cs256
/courses/cs256
/course/mobile-web-development--cs256

/course/cs258
/courses/cs258
/course/software-testing--cs258

/course/cs259
/courses/cs259
/course/software-debugging--cs259

/course/cs262
/courses/cs262
/course/programming-languages--cs262

/course/cs271
/courses/cs271
/course/intro-to-artificial-intelligence--cs271

/course/cs291
/courses/cs291
/course/interactive-3d-graphics--cs291

/course/cs313
/courses/cs313
/course/intro-to-theoretical-computer-science--cs313

/course/cs344
/courses/cs344
/course/intro-to-parallel-programming--cs344

/course/cs348
/courses/cs348
/course/functional-hardware-verification--cs348

/course/cs373
/courses/cs373
/course/artificial-intelligence-for-robotics--cs373

/course/cs387
/courses/cs387
/course/applied-cryptography--cs387

/course/design101
/courses/design101
/course/intro-to-the-design-of-everyday-things--design101

/course/ep245
/courses/ep245
/course/how-to-build-a-startup--ep245

/course/gt101
/courses/gt101
/course/omscs-student-orientation--gt101

/course/ma004
/courses/ma004
/course/intro-algebra-review--ma004

/course/ma006
/courses/ma006
/course/visualizing-algebra--ma006

/course/ma008
/courses/ma008
/course/college-algebra--ma008

/course/ph100
/courses/ph100
/course/intro-to-physics--ph100

/course/ps001
/courses/ps001
/course/intro-to-psychology--ps001

/course/st101
/courses/st101
/course/intro-to-statistics--st101

/course/ud000
/courses/ud000
/course/intro-to-programming--ud000

/course/ud007
/courses/ud007
/course/high-performance-computer-architecture--ud007

/course/ud009
/courses/ud009
/course/firebase-essentials-for-android--ud009

/course/ud015
/courses/ud015
/course/object-oriented-javascript--ud015

/course/ud032
/courses/ud032
/course/data-wrangling-with-mongodb--ud032

/course/ud036
/courses/ud036
/course/programming-foundations-with-python--ud036

/course/ud061
/courses/ud061
/course/computability-complexity-algorithms--ud061

/course/ud088
/courses/ud088
/course/full-stack-foundations--ud088

/course/ud098
/courses/ud098
/course/gt-refresher-advanced-os--ud098

/course/ud110
/courses/ud110
/course/intro-to-ajax--ud110

/course/ud120
/courses/ud120
/course/intro-to-machine-learning--ud120

/course/ud162
/courses/ud162
/course/intro-to-point-click-app-development--ud162

/course/ud170
/courses/ud170
/course/intro-to-data-analysis--ud170

/course/ud189
/courses/ud189
/course/advanced-operating-systems--ud189

/course/ud197
/courses/ud197
/course/intro-to-relational-databases--ud197

/course/ud201
/courses/ud201
/course/intro-to-inferential-statistics--ud201

/course/ud245
/courses/ud245
/course/intro-to-jquery--ud245

/course/ud248
/courses/ud248
/course/make-your-own-2048--ud248

/course/ud257
/courses/ud257
/course/ab-testing--ud257

/course/ud262
/courses/ud262
/course/machine-learning--ud262

/course/ud281
/courses/ud281
/course/high-performance-computing--ud281

/course/ud292
/courses/ud292
/course/html5-canvas--ud292

/course/ud299
/courses/ud299
/course/configuring-linux-web-servers--ud299

/course/ud304
/courses/ud304
/course/intro-to-html-and-css--ud304

/course/ud325
/courses/ud325
/course/ios-persistence-and-core-data--ud325

/course/ud330
/courses/ud330
/course/authentication-authorization-oauth--ud330

/course/ud359
/courses/ud359
/course/intro-to-data-science--ud359

/course/ud381
/courses/ud381
/course/real-time-analytics-with-apache-storm--ud381

/course/ud388
/courses/ud388
/course/designing-restful-apis--ud388

/course/ud405
/courses/ud405
/course/2d-game-development-with-libgdx--ud405

/course/ud406
/courses/ud406
/course/how-to-make-a-platformer-using-libgdx--ud406

/course/ud409
/courses/ud409
/course/knowledge-based-ai-cognitive-systems--ud409

/course/ud421
/courses/ud421
/course/ios-networking-with-swift--ud421

/course/ud436
/courses/ud436
/course/computer-networking--ud436

/course/ud459
/courses/ud459
/course/intro-to-information-security--ud459

/course/ud501
/courses/ud501
/course/machine-learning-for-trading--ud501

/course/ud507
/courses/ud507
/course/data-visualization-and-d3js--ud507

/course/ud509
/courses/ud509
/course/product-design--ud509

/course/ud518
/courses/ud518
/course/app-monetization--ud518

/course/ud549
/courses/ud549
/course/javascript-testing--ud549

/course/ud585
/courses/ud585
/course/intro-to-ios-app-development-with-swift--ud585

/course/ud595
/courses/ud595
/course/linux-command-line-basics--ud595

/course/ud600
/courses/ud600
/course/reinforcement-learning--ud600

/course/ud607
/courses/ud607
/course/how-to-make-an-ios-app--ud607

/course/ud611
/courses/ud611
/course/intro-to-devops--ud611

/course/ud617
/courses/ud617
/course/intro-to-hadoop-and-mapreduce--ud617

/course/ud651
/courses/ud651
/course/data-analysis-with-r--ud651

/course/ud719
/courses/ud719
/course/app-marketing--ud719

/course/ud723
/courses/ud723
/course/rapid-prototyping--ud723

/course/ud730
/courses/ud730
/course/deep-learning--ud730

/course/ud774
/courses/ud774
/course/xcode-debugging--ud774

/course/ud775
/courses/ud775
/course/how-to-use-git-and-github--ud775

/course/ud777
/courses/ud777
/course/writing-readmes--ud777

/course/ud788
/courses/ud788
/course/uikit-fundamentals--ud788

/course/ud801-assessment-india
/courses/ud801-assessment-india
/course/android-nanodegree-preassessment--ud801-assessment-india

/course/ud802
/courses/ud802
/course/how-to-create-anything-in-android--ud802

/course/ud804
/courses/ud804
/course/javascript-basics--ud804

/course/ud805
/courses/ud805
/course/software-development-process--ud805

/course/ud806
/courses/ud806
/course/get-your-startup-started--ud806

/course/ud808
/courses/ud808
/course/how-to-install-android-studio--ud808

/course/ud809
/courses/ud809
/course/health-informatics-in-the-cloud--ud809

/course/ud810
/courses/ud810
/course/introduction-to-computer-vision--ud810

/course/ud821
/courses/ud821
/course/software-architecture-design--ud821

/course/ud825
/courses/ud825
/course/android-performance--ud825

/course/ud827
/courses/ud827
/course/intro-to-descriptive-statistics--ud827

/course/ud837
/courses/ud837
/course/android-development-for-beginners--ud837

/course/ud849
/courses/ud849
/course/ux-design-for-mobile-developers--ud849

/course/ud853
/courses/ud853
/course/developing-android-apps--ud853

/course/ud855
/courses/ud855
/course/advanced-android-app-development--ud855

/course/ud858
/courses/ud858
/course/developing-scalable-apps-in-python--ud858

/course/ud859
/courses/ud859
/course/developing-scalable-apps-in-java--ud859

/course/ud860
/courses/ud860
/course/browser-rendering-optimization--ud860

/course/ud862
/courses/ud862
/course/material-design-for-android-developers--ud862

/course/ud867
/courses/ud867
/course/gradle-for-android-and-java--ud867

/course/ud875a
/courses/ud875a
/course/android-wear-development--ud875A

/course/ud875b
/courses/ud875b
/course/android-tv-and-google-cast-development--ud875B

/course/ud875c
/courses/ud875c
/course/android-auto-development--ud875C

/course/ud876-1
/courses/ud876-1
/course/google-location-services-on-android--ud876-1
/course/google-play-services-location-context--ud876-1

/course/ud876-2
/courses/ud876-2
/course/google-analytics-for-android--ud876-2
/course/google-play-services-analytics--ud876-2

/course/ud876-3
/courses/ud876-3
/course/monetize-your-android-app-with-ads--ud876-3
/course/google-play-services-admob--ud876-3

/course/ud876-4
/courses/ud876-4
/course/add-google-maps-to-your-android-app--ud876-4
/course/google-play-services-maps--ud876-4

/course/ud876-5
/courses/ud876-5
/course/add-google-sign-in-to-your-android-apps--ud876-5
/course/google-play-services-identity--ud876-5

/course/ud882
/courses/ud882
/course/responsive-images--ud882

/course/ud898
/courses/ud898
/course/javascript-promises--ud898

/course/ud884
/courses/ud884
/course/website-performance-optimization--ud884

/course/ud890
/courses/ud890
/course/building-high-conversion-web-forms--ud890

/course/ud892
/courses/ud892
/course/web-tooling-automation--ud892

/course/ud893
/courses/ud893
/course/responsive-web-design-fundamentals--ud893

/course/ud902
/courses/ud902
/course/learn-swift-programming-syntax--ud902

/course/ud915
/courses/ud915
/course/educational-technology--ud915

/course/ud919
/courses/ud919
/course/model-building-and-validation--ud919

/course/ud923
/courses/ud923
/course/introduction-to-operating-systems--ud923

/course/ud953
/courses/ud953
/course/linear-algebra-refresher-course--ud953

/course/ud955
/courses/ud955
/course/computational-photography--ud955

/course/ud989
/courses/ud989
/course/javascript-design-patterns--ud989

/course/ud990
/courses/ud990
/course/learn-backbonejs--ud990

#------------------------------ degree programs -------------------------------#
/course/ca001
/course/career-advisor-front-end-web-developer--ca001

/course/nd000
/course/intro-to-programming-nanodegree--nd000

/course/nd001
/course/front-end-web-developer-nanodegree--nd001

/course/nd002
/course/data-analyst-nanodegree--nd002

/course/nd003
/course/ios-developer-nanodegree--nd003

/course/nd004
/course/full-stack-web-developer-nanodegree--nd004

/course/nd006
/course/beginning-ios-app-development--nd006

/course/nd007
/course/tech-entrepreneur-nanodegree--nd007

/course/nd009
/course/machine-learning-engineer-nanodegree--nd009

/course/nd010
/course/beginning-ruby--nd010

/course/nd011
/course/2d-mobile-game-developer-libgdx--nd011

/course/nd020
/course/ruby-on-rails-developer--nd020

/course/nd030
/course/senior-ruby-on-rails-developer--nd030

/course/nd801
/course/android-developer-nanodegree--nd801

/course/nd802
/course/senior-web-developer--nd802

#---------------------------- future static routes ----------------------------#
#/career-paths/data-analyst
#/career-paths/front-end-web-developer
#/career-paths/ios-developer
#/catalog-api
#/handbook
#/nanodegree/50-back
#/open-ed
#/opened
#/programming-languages/python
#/programming-languages/swift
#/success
#/upgrade
