# The following whitelist enables routes to Endor

/locomotive
/assets/locomotive
/assets/font-awesome
/steam/dynamic
/endor

# chalk 1
/feedback

# chalk 2
/contact
/georgia-tech/faq
/georgiatech/faq
/hire-our-students
/employers
/egypt
/faq

# chalk 3
/business
/organizations

# chalk 4
/jobs
/legal
/press
/tech-requirements
/for-credit-tech-requirements
/the-udacity-experience
/veterans
/nanodegrees

# chalk 5
/course/ud808
/courses/ud808
/course/how-to-install-android-studio--ud808
/course/nd020
/course/ruby-on-rails-developer--nd020

# chalk 6
/course/writing-readmes--ud777
/course/ud777
/courses/ud777

/course/omscs-student-orientation--gt101
/course/gt101
/courses/gt101

/course/gt-refresher-advanced-os--ud098
/course/ud098
/courses/ud098

/course/intro-to-information-security--ud459
/course/ud459
/courses/ud459

/course/linear-algebra-refresher-course--ud953
/course/ud953
/courses/ud953

/course/senior-ruby-on-rails-developer--nd030
/course/nd030

/course/get-your-startup-started--ud806
/course/ud806
/courses/ud806

/course/android-nanodegree-preassessment--ud801-assessment-india
/course/ud801-assessment-india
/courses/ud801-assessment-india

/course/high-performance-computing--ud281
/course/ud281
/courses/ud281

# chalk 7
/course/career-advisor-front-end-web-developer--ca001
/course/ca001

/course/intro-to-programming-nanodegree--nd000
/course/nd000

/course/front-end-web-developer-nanodegree--nd001
/course/nd001

/course/data-analyst-nanodegree--nd002
/course/nd002

/course/ios-developer-nanodegree--nd003
/course/nd003

/course/full-stack-web-developer-nanodegree--nd004
/course/nd004

/course/beginning-ios-app-development--nd006
/course/nd006

/course/tech-entrepreneur-nanodegree--nd007
/course/nd007

/course/machine-learning-engineer-nanodegree--nd009
/course/nd009

/course/beginning-ruby--nd010
/course/nd010

/course/2d-mobile-game-developer-libgdx--nd011
/course/nd011

/course/ruby-on-rails-developer--nd020
/course/nd020

/course/senior-ruby-on-rails-developer--nd030
/course/nd030

/course/android-developer-nanodegree--nd801
/course/nd801

/course/senior-web-developer--nd802
/course/nd802

