# The following paths should be routed to GAE
# The following paths should be routed to GAE
# NOTE: We use `path_beg` to match, so anything under the path will route.
/
#/account
#/admin
#/android-career-summit
#/api
#/callbacks/sendgrid
#/career-paths/data-analyst
#/career-paths/front-end-web-developer
#/career-paths/ios-developer
#/catalog-api
#/certificate/
#/checkout
#/coach/scheduled-chat
#/content/exam
#/content/frame/grade
#/course/progress
#/course/thanks-for-enrolling
#/course/viewer
#/cron
#
## NOTE: '-' vs '_' 
#/danger_editor
#/danger-editor
#
#/georgia-tech/welcome
#/georgiatech/welcome
## TODO (Angel): Final decision on this one
##/grader<:.*>,GAE?,
#/hangout
#/instructor
#/lti
#/lti/
#/me
#/mobile
#/my_courses
#/nanodegree/50-back
#/nanodegree/android-expectation-quiz
#/nanodegree/data-analyst-expectation-quiz
#/open-ed
#/opened
#/oauth2callback
#/openid
#/programming-languages/python
#/programming-languages/swift
#/proxy/requisitions
#/quiz
#/quiz_instructions
#/quiz/instructions
#/success
#/teacher/
#/teams
#/templates
#/tools/reports/client
#/tools/reports/user
#/upgrade
#/verified-certificate
#/wiki
