/georgiatech /georgia-tech
/GeorgiaTech /georgia-tech
/georgiatech/faq /georgia-tech/faq
/India /india
/hire-our-students /employers
/organizations /business
/corporate-training /business
/legal/tos /legal
/for-credit-tech-requirements /tech-requirements
/android /nanodegrees/nd801
/android-nanodegree /nanodegrees/nd801
/androidnd /nanodegrees/nd801
/googlewebdev /nanodegrees/nd802
/nanodegrees/android-developer /nanodegrees/nd801
/nanodegrees/app-entrepreneur /nanodegrees/nd007
/nanodegrees/back-end-web-developer /nanodegrees/nd004
/nanodegrees/data-analyst /nanodegrees/nd002
/nanodegrees/front-end-web-developer /nanodegrees/nd001
/nanodegrees/ios-developer /nanodegrees/nd006
/nanodegree /nanodegrees
/courses /catalog
/courses/all /catalog
/courses/data-science /catalog/data_science
/courses/web-development /catalog/web_development
/courses/software-engineering /catalog/software_engineering
/courses/android /catalog/android
/courses/ios /catalog/ios
/courses/georgia-tech-masters-in-cs /catalog/georgia_tech_masters_in_cs
/courses/non-tech /catalog/non_tech
/course/android-development-for-beginners--ud837 /courses/ud837
/course/ud837 /courses/ud837
/course/how-to-create-anything-in-android--ud802 /courses/ud802
/course/ud802 /courses/ud802
/course/developing-android-apps--ud853 /courses/ud853
/course/ud853 /courses/ud853
/course/advanced-android-app-development--ud855 /courses/ud855
/course/ud855 /courses/ud855
/course/gradle-for-android-and-java--ud867 /courses/ud867
/course/ud867 /courses/ud867
/course/google-play-services-location-context--ud876-1 /courses/ud876-1
/course/ud876-1 /courses/ud876-1
/course/google-play-services-analytics--ud876-2 /courses/ud876-2
/course/ud876-2 /courses/ud876-2
/course/google-play-services-admob--ud876-3 /courses/ud876-3
/course/ud876-3 /courses/ud876-3
/course/google-play-services-maps--ud876-4 /courses/ud876-4
/course/ud876-4 /courses/ud876-4
/course/google-play-services-identity--ud876-5 /courses/ud876-5
/course/ud876-5 /courses/ud876-5
/course/android-performance--ud825 /courses/ud825
/course/ud825 /courses/ud825
/course/material-design-for-android-developers--ud862 /courses/ud862
/course/ud862 /courses/ud862
/course/android-wear-development--ud875A /courses/ud875A
/course/ud875A /courses/ud875A
/course/android-tv-and-google-cast-development--ud875B /courses/ud875B
/course/ud875B /courses/ud875B
/course/android-auto-development--ud875C /courses/ud875C
/course/ud875C /courses/ud875C
/course/product-design--ud509 /courses/ud509
/course/ud509 /courses/ud509
/course/app-monetization--ud518 /courses/ud518
/course/ud518 /courses/ud518
/course/rapid-prototyping--ud723 /courses/ud723
/course/ud723 /courses/ud723
/course/app-marketing--ud719 /courses/ud719
/course/ud719 /courses/ud719
/course/2d-game-development-with-libgdx--ud405 /courses/ud405
/course/ud405 /courses/ud405
/course/designing-restful-apis--ud388 /courses/ud388
/course/ud388 /courses/ud388
/course/writing-readmes--ud777 /courses/ud777
/course/ud777 /courses/ud777
/course/intro-to-devops--ud611 /courses/ud611
/course/ud611 /courses/ud611
/course/intro-to-html-and-css--ud304 /courses/ud304
/course/ud304 /courses/ud304
/course/intro-to-computer-science--cs101 /courses/cs101
/course/cs101 /courses/cs101
/course/javascript-basics--ud804 /courses/ud804
/course/ud804 /courses/ud804
/course/linux-command-line-basics--ud595 /courses/ud595
/course/ud595 /courses/ud595
/course/how-to-use-git-and-github--ud775 /courses/ud775
/course/ud775 /courses/ud775
/course/programming-foundations-with-python--ud036 /courses/ud036
/course/ud036 /courses/ud036
/course/intro-to-ios-app-development-with-swift--ud585 /courses/ud585
/course/ud585 /courses/ud585
/course/intro-to-java-programming--cs046 /courses/cs046
/course/cs046 /courses/cs046
/course/intro-to-relational-databases--ud197 /courses/ud197
/course/ud197 /courses/ud197
/course/full-stack-foundations--ud088 /courses/ud088
/course/ud088 /courses/ud088
/course/authentication-authorization-oauth--ud330 /courses/ud330
/course/ud330 /courses/ud330
/course/responsive-web-design-fundamentals--ud893 /courses/ud893
/course/ud893 /courses/ud893
/course/responsive-images--ud882 /courses/ud882
/course/ud882 /courses/ud882
/course/browser-rendering-optimization--ud860 /courses/ud860
/course/ud860 /courses/ud860
/course/developing-scalable-apps-in-python--ud858 /courses/ud858
/course/ud858 /courses/ud858
/course/javascript-design-patterns--ud989 /courses/ud989
/course/ud989 /courses/ud989
/course/learn-backbonejs--ud990 /courses/ud990
/course/ud990 /courses/ud990
/course/javascript-testing--ud549 /courses/ud549
/course/ud549 /courses/ud549
/course/configuring-linux-web-servers--ud299 /courses/ud299
/course/ud299 /courses/ud299
/course/how-to-build-a-startup--ep245 /courses/ep245
/course/ep245 /courses/ep245
/course/learn-swift-programming-syntax--ud902 /courses/ud902
/course/ud902 /courses/ud902
/course/uikit-fundamentals--ud788 /courses/ud788
/course/ud788 /courses/ud788
/course/ios-networking-with-swift--ud421 /courses/ud421
/course/ud421 /courses/ud421
/course/ios-persistence-and-core-data--ud325 /courses/ud325
/course/ud325 /courses/ud325
/course/xcode-debugging--ud774 /courses/ud774
/course/ud774 /courses/ud774
/course/how-to-make-an-ios-app--ud607 /courses/ud607
/course/ud607 /courses/ud607
/course/ab-testing--ud257 /courses/ud257
/course/ud257 /courses/ud257
/course/data-visualization-and-d3js--ud507 /courses/ud507
/course/ud507 /courses/ud507
/course/intro-to-machine-learning--ud120 /courses/ud120
/course/ud120 /courses/ud120
/course/intro-to-hadoop-and-mapreduce--ud617 /courses/ud617
/course/ud617 /courses/ud617
/course/real-time-analytics-with-apache-storm--ud381 /courses/ud381
/course/ud381 /courses/ud381
/course/intro-to-data-science--ud359 /courses/ud359
/course/ud359 /courses/ud359
/course/web-development--cs253 /courses/cs253
/course/cs253 /courses/cs253
/course/object-oriented-javascript--ud015 /courses/ud015
/course/ud015 /courses/ud015
/course/html5-canvas--ud292 /courses/ud292
/course/ud292 /courses/ud292
/course/intro-to-jquery--ud245 /courses/ud245
/course/ud245 /courses/ud245
/course/intro-to-ajax--ud110 /courses/ud110
/course/ud110 /courses/ud110
/course/intro-to-artificial-intelligence--cs271 /courses/cs271
/course/cs271 /courses/cs271
/course/data-analysis-with-r--ud651 /courses/ud651
/course/ud651 /courses/ud651
/course/ux-design-for-mobile-developers--ud849 /courses/ud849
/course/ud849 /courses/ud849
/course/intro-to-point-click-app-development--ud162 /courses/ud162
/course/ud162 /courses/ud162
/course/developing-scalable-apps-in-java--ud859 /courses/ud859
/course/ud859 /courses/ud859
/course/intro-to-parallel-programming--cs344 /courses/cs344
/course/cs344 /courses/cs344
/course/intro-to-descriptive-statistics--ud827 /courses/ud827
/course/ud827 /courses/ud827
/course/intro-to-inferential-statistics--ud201 /courses/ud201
/course/ud201 /courses/ud201
/course/introduction-to-operating-systems--ud923 /courses/ud923
/course/ud923 /courses/ud923
/course/advanced-operating-systems--ud189 /courses/ud189
/course/ud189 /courses/ud189
/course/computability-complexity-algorithms--ud061 /courses/ud061
/course/ud061 /courses/ud061
/course/knowledge-based-ai-cognitive-systems--ud409 /courses/ud409
/course/ud409 /courses/ud409
/course/high-performance-computer-architecture--ud007 /courses/ud007
/course/ud007 /courses/ud007
/course/high-performance-computing--ud281 /courses/ud281
/course/ud281 /courses/ud281
/course/health-informatics-in-the-cloud--ud809 /courses/ud809
/course/ud809 /courses/ud809
/course/computer-networking--ud436 /courses/ud436
/course/ud436 /courses/ud436
/course/computational-photography--ud955 /courses/ud955
/course/ud955 /courses/ud955
/course/software-development-process--ud805 /courses/ud805
/course/ud805 /courses/ud805
/course/software-architecture-design--ud821 /courses/ud821
/course/ud821 /courses/ud821
/course/artificial-intelligence-for-robotics--cs373 /courses/cs373
/course/cs373 /courses/cs373
/course/introduction-to-computer-vision--ud810 /courses/ud810
/course/ud810 /courses/ud810
/course/educational-technology--ud915 /courses/ud915
/course/ud915 /courses/ud915
/course/reinforcement-learning--ud600 /courses/ud600
/course/ud600 /courses/ud600
/course/data-wrangling-with-mongodb--ud032 /courses/ud032
/course/ud032 /courses/ud032
/course/model-building-and-validation--ud919 /courses/ud919
/course/ud919 /courses/ud919
/course/intro-to-the-design-of-everyday-things--design101 /courses/design101
/course/design101 /courses/design101
/course/mobile-web-development--cs256 /courses/cs256
/course/cs256 /courses/cs256
/course/website-performance-optimization--ud884 /courses/ud884
/course/ud884 /courses/ud884
/course/make-your-own-2048--ud248 /courses/ud248
/course/ud248 /courses/ud248
/course/html5-game-development--cs255 /courses/cs255
/course/cs255 /courses/cs255
/course/applied-cryptography--cs387 /courses/cs387
/course/cs387 /courses/cs387
/course/intro-to-statistics--st101 /courses/st101
/course/st101 /courses/st101
/course/intro-algebra-review--ma004 /courses/ma004
/course/ma004 /courses/ma004
/course/college-algebra--ma008 /courses/ma008
/course/ma008 /courses/ma008
/course/visualizing-algebra--ma006 /courses/ma006
/course/ma006 /courses/ma006
/course/software-testing--cs258 /courses/cs258
/course/cs258 /courses/cs258
/course/intro-to-algorithms--cs215 /courses/cs215
/course/cs215 /courses/cs215
/course/interactive-3d-graphics--cs291 /courses/cs291
/course/cs291 /courses/cs291
/course/programming-languages--cs262 /courses/cs262
/course/cs262 /courses/cs262
/course/design-of-computer-programs--cs212 /courses/cs212
/course/cs212 /courses/cs212
/course/differential-equations-in-action--cs222 /courses/cs222
/course/cs222 /courses/cs222
/course/software-debugging--cs259 /courses/cs259
/course/cs259 /courses/cs259
/course/intro-to-theoretical-computer-science--cs313 /courses/cs313
/course/cs313 /courses/cs313
/course/machine-learning--ud262 /courses/ud262
/course/ud262 /courses/ud262
/course/functional-hardware-verification--cs348 /courses/cs348
/course/cs348 /courses/cs348
/course/intro-to-physics--ph100 /courses/ph100
/course/ph100 /courses/ph100
/course/tales-from-the-genome--bio110 /courses/bio110
/course/bio110 /courses/bio110
/course/intro-to-psychology--ps001 /courses/ps001
/course/ps001 /courses/ps001
/course/omscs-student-orientation--gt101 /courses/gt101
/course/gt101 /courses/gt101
/course/gt-refresher-advanced-os--ud098 /courses/ud098
/course/ud098 /courses/ud098
/course/beginning-ios-app-development--nd006 /nanodegrees/nd006
/course/nd006 /nanodegrees/nd006
/course/android-developer-nanodegree--nd801 /nanodegrees/nd801
/course/nd801 /nanodegrees/nd801
/course/front-end-web-developer-nanodegree--nd001 /nanodegrees/nd001
/course/nd001 /nanodegrees/nd001
/course/tech-entrepreneur-nanodegree--nd007 /nanodegrees/nd007
/course/nd007 /nanodegrees/nd007
/course/data-analyst-nanodegree--nd002 /nanodegrees/nd002
/course/nd002 /nanodegrees/nd002
/course/full-stack-web-developer-nanodegree--nd004 /nanodegrees/nd004
/course/nd004 /nanodegrees/nd004
/course/intro-to-programming-nanodegree--nd000 /nanodegrees/nd000
/course/nd000 /nanodegrees/nd000
/course/ios-developer-nanodegree--nd003 /nanodegrees/nd003
/course/nd003 /nanodegrees/nd003
/course/career-advisor-front-end-web-developer--ca001 /nanodegrees/ca001
/course/ca001 /nanodegrees/ca001
